2026-08-18 22:15:13,889 [INFO] [SafetyEvaluator] {"sequence_id": 1001, "status": "SPRAY_REQUEST_DENIED", "action": "DO_NOT_SPRAY (Failed safety conditions: ['target_valid', 'crop_conflict_false'])", "conditions": {"weed_detected": true, "confidence_ge_thresh": true, "target_valid": false, "crop_conflict_false": false, "drone_in_valid_state": true, "communication_valid": true, "spray_system_armed": true}, "hardware_trigger_enabled": false}
2026-08-18 22:15:13,889 [INFO] [SafetyEvaluator] {"sequence_id": 1002, "status": "SPRAY_REQUEST_DENIED", "action": "DO_NOT_SPRAY (Failed safety conditions: ['confidence_ge_thresh'])", "conditions": {"weed_detected": true, "confidence_ge_thresh": false, "target_valid": true, "crop_conflict_false": true, "drone_in_valid_state": true, "communication_valid": true, "spray_system_armed": true}, "hardware_trigger_enabled": false}
2026-08-18 22:15:13,890 [INFO] [SafetyEvaluator] {"sequence_id": 1003, "status": "SPRAY_REQUEST_APPROVED", "action": "SIMULATED_SPRAY_LOGGED (Hardware Pump Disarmed)", "conditions": {"weed_detected": true, "confidence_ge_thresh": true, "target_valid": true, "crop_conflict_false": true, "drone_in_valid_state": true, "communication_valid": true, "spray_system_armed": true}, "hardware_trigger_enabled": false}
2026-08-18 22:17:28,779 [INFO] {"timestamp": 1787071646.409, "frame_id": 0, "weed_count": 2, "highest_weed_confidence": 0.2363, "target_coordinates": [{"pixel_center": [305.95, 164.69], "ground_offset": [-0.075, 0.8296], "nozzle_offset": [-0.225, 0.6296]}, {"pixel_center": [401.06, 314.38], "ground_offset": [0.433, 0.03], "nozzle_offset": [0.283, -0.17]}], "spray_eligible": false, "spray_triggered": false, "reason_if_not_triggered": ["Confidence (0.2363) below operational threshold (0.7)", "Confidence (0.2132) below operational threshold (0.7)"]}
2026-08-18 22:17:28,959 [INFO] {"timestamp": 1787071648.827, "frame_id": 1, "weed_count": 0, "highest_weed_confidence": 0.0, "target_coordinates": [], "spray_eligible": false, "spray_triggered": false, "reason_if_not_triggered": []}
2026-08-18 22:17:29,089 [INFO] {"timestamp": 1787071648.971, "frame_id": 2, "weed_count": 0, "highest_weed_confidence": 0.0, "target_coordinates": [], "spray_eligible": false, "spray_triggered": false, "reason_if_not_triggered": []}
2026-08-18 22:17:29,190 [INFO] {"timestamp": 1787071649.098, "frame_id": 3, "weed_count": 0, "highest_weed_confidence": 0.0, "target_coordinates": [], "spray_eligible": false, "spray_triggered": false, "reason_if_not_triggered": []}
2026-08-18 22:17:29,328 [INFO] {"timestamp": 1787071649.199, "frame_id": 4, "weed_count": 0, "highest_weed_confidence": 0.0, "target_coordinates": [], "spray_eligible": false, "spray_triggered": false, "reason_if_not_triggered": []}
2026-08-18 22:17:29,437 [INFO] {"timestamp": 1787071649.336, "frame_id": 5, "weed_count": 0, "highest_weed_confidence": 0.0, "target_coordinates": [], "spray_eligible": false, "spray_triggered": false, "reason_if_not_triggered": []}
2026-08-18 22:17:29,534 [INFO] {"timestamp": 1787071649.445, "frame_id": 6, "weed_count": 0, "highest_weed_confidence": 0.0, "target_coordinates": [], "spray_eligible": false, "spray_triggered": false, "reason_if_not_triggered": []}
2026-08-18 22:17:29,639 [INFO] {"timestamp": 1787071649.542, "frame_id": 7, "weed_count": 0, "highest_weed_confidence": 0.0, "target_coordinates": [], "spray_eligible": false, "spray_triggered": false, "reason_if_not_triggered": []}
2026-08-18 22:17:29,745 [INFO] {"timestamp": 1787071649.648, "frame_id": 8, "weed_count": 0, "highest_weed_confidence": 0.0, "target_coordinates": [], "spray_eligible": false, "spray_triggered": false, "reason_if_not_triggered": []}
2026-08-18 22:17:29,854 [INFO] {"timestamp": 1787071649.753, "frame_id": 9, "weed_count": 0, "highest_weed_confidence": 0.0, "target_coordinates": [], "spray_eligible": false, "spray_triggered": false, "reason_if_not_triggered": []}
2026-08-18 22:17:29,958 [INFO] {"timestamp": 1787071649.863, "frame_id": 10, "weed_count": 0, "highest_weed_confidence": 0.0, "target_coordinates": [], "spray_eligible": false, "spray_triggered": false, "reason_if_not_triggered": []}
2026-08-18 22:17:30,057 [INFO] {"timestamp": 1787071649.967, "frame_id": 11, "weed_count": 0, "highest_weed_confidence": 0.0, "target_coordinates": [], "spray_eligible": false, "spray_triggered": false, "reason_if_not_triggered": []}
2026-08-18 22:17:30,196 [INFO] {"timestamp": 1787071650.065, "frame_id": 12, "weed_count": 0, "highest_weed_confidence": 0.0, "target_coordinates": [], "spray_eligible": false, "spray_triggered": false, "reason_if_not_triggered": []}
2026-08-18 22:17:30,557 [INFO] {"timestamp": 1787071650.204, "frame_id": 13, "weed_count": 0, "highest_weed_confidence": 0.0, "target_coordinates": [], "spray_eligible": false, "spray_triggered": false, "reason_if_not_triggered": []}
2026-08-18 22:17:30,679 [INFO] {"timestamp": 1787071650.566, "frame_id": 14, "weed_count": 0, "highest_weed_confidence": 0.0, "target_coordinates": [], "spray_eligible": false, "spray_triggered": false, "reason_if_not_triggered": []}
2026-08-18 22:17:30,783 [INFO] {"timestamp": 1787071650.687, "frame_id": 15, "weed_count": 0, "highest_weed_confidence": 0.0, "target_coordinates": [], "spray_eligible": false, "spray_triggered": false, "reason_if_not_triggered": []}
2026-08-18 22:17:30,883 [INFO] {"timestamp": 1787071650.792, "frame_id": 16, "weed_count": 0, "highest_weed_confidence": 0.0, "target_coordinates": [], "spray_eligible": false, "spray_triggered": false, "reason_if_not_triggered": []}
2026-08-18 22:17:30,980 [INFO] {"timestamp": 1787071650.891, "frame_id": 17, "weed_count": 0, "highest_weed_confidence": 0.0, "target_coordinates": [], "spray_eligible": false, "spray_triggered": false, "reason_if_not_triggered": []}
2026-08-18 22:17:31,078 [INFO] {"timestamp": 1787071650.988, "frame_id": 18, "weed_count": 0, "highest_weed_confidence": 0.0, "target_coordinates": [], "spray_eligible": false, "spray_triggered": false, "reason_if_not_triggered": []}
2026-08-18 22:17:31,204 [INFO] {"timestamp": 1787071651.087, "frame_id": 19, "weed_count": 0, "highest_weed_confidence": 0.0, "target_coordinates": [], "spray_eligible": false, "spray_triggered": false, "reason_if_not_triggered": []}
2026-08-18 22:57:35,381 [INFO] [SafetyEvaluator] {"sequence_id": 1001, "status": "SPRAY_REQUEST_APPROVED", "action": "SIMULATED_SPRAY_LOGGED (Hardware Pump Disarmed)", "conditions": {"weed_detected": true, "confidence_ge_thresh": true, "target_valid": true, "crop_conflict_false": true, "drone_in_valid_state": true, "communication_valid": true, "spray_system_armed": true}, "hardware_trigger_enabled": false}
2026-08-18 22:58:27,046 [INFO] [SafetyEvaluator] {"sequence_id": 1001, "status": "SPRAY_REQUEST_DENIED", "action": "DO_NOT_SPRAY (Failed safety conditions: ['target_valid', 'crop_conflict_false'])", "conditions": {"weed_detected": true, "confidence_ge_thresh": true, "target_valid": false, "crop_conflict_false": false, "drone_in_valid_state": true, "communication_valid": true, "spray_system_armed": true}, "hardware_trigger_enabled": false}
2026-08-18 22:58:27,047 [INFO] [SafetyEvaluator] {"sequence_id": 1002, "status": "SPRAY_REQUEST_DENIED", "action": "DO_NOT_SPRAY (Failed safety conditions: ['confidence_ge_thresh'])", "conditions": {"weed_detected": true, "confidence_ge_thresh": false, "target_valid": true, "crop_conflict_false": true, "drone_in_valid_state": true, "communication_valid": true, "spray_system_armed": true}, "hardware_trigger_enabled": false}
2026-08-18 22:58:27,048 [INFO] [SafetyEvaluator] {"sequence_id": 1003, "status": "SPRAY_REQUEST_APPROVED", "action": "SIMULATED_SPRAY_LOGGED (Hardware Pump Disarmed)", "conditions": {"weed_detected": true, "confidence_ge_thresh": true, "target_valid": true, "crop_conflict_false": true, "drone_in_valid_state": true, "communication_valid": true, "spray_system_armed": true}, "hardware_trigger_enabled": false}
2026-08-18 22:59:12,279 [INFO] {"timestamp": 1787074149.864, "frame_id": 0, "weed_count": 2, "highest_weed_confidence": 0.2363, "target_coordinates": [{"pixel_center": [305.95, 164.69], "ground_offset": [-0.075, 0.8296], "nozzle_offset": [-0.225, 0.6296]}, {"pixel_center": [401.06, 314.38], "ground_offset": [0.433, 0.03], "nozzle_offset": [0.283, -0.17]}], "spray_eligible": false, "spray_triggered": false, "reason_if_not_triggered": ["Confidence (0.2363) below operational threshold (0.7)", "Confidence (0.2132) below operational threshold (0.7)"]}
2026-08-18 22:59:47,505 [INFO] {"timestamp": 1787074185.292, "frame_id": 0, "weed_count": 2, "highest_weed_confidence": 0.2363, "target_coordinates": [{"pixel_center": [305.95, 164.69], "ground_offset": [-0.075, 0.8292], "nozzle_offset": [-0.225, 0.6292]}, {"pixel_center": [401.06, 314.38], "ground_offset": [0.4328, 0.03], "nozzle_offset": [0.2828, -0.17]}], "spray_eligible": false, "spray_triggered": false, "reason_if_not_triggered": ["Confidence (0.2363) below operational threshold (0.7)", "Confidence (0.2132) below operational threshold (0.7)"]}
2026-08-18 23:00:37,632 [INFO] {"timestamp": 1787074235.336, "frame_id": 0, "weed_count": 2, "highest_weed_confidence": 0.2363, "target_coordinates": [{"pixel_center": [305.95, 164.69], "ground_offset": [-0.075, 0.8292], "nozzle_offset": [-0.225, 0.6292]}, {"pixel_center": [401.06, 314.38], "ground_offset": [0.4328, 0.03], "nozzle_offset": [0.2828, -0.17]}], "spray_eligible": false, "spray_triggered": false, "reason_if_not_triggered": ["Confidence (0.2363) below operational threshold (0.7)", "Confidence (0.2132) below operational threshold (0.7)"]}
2026-08-18 23:02:17,354 [INFO] {"timestamp": 1787074334.81, "frame_id": 0, "weed_count": 2, "highest_weed_confidence": 0.2363, "target_coordinates": [{"pixel_center": [305.95, 164.69], "ground_offset": [-0.0751, 0.83], "nozzle_offset": [-0.2251, 0.63]}, {"pixel_center": [401.06, 314.38], "ground_offset": [0.4332, 0.03], "nozzle_offset": [0.2832, -0.17]}], "spray_eligible": false, "spray_triggered": false, "reason_if_not_triggered": ["Confidence (0.2363) below operational threshold (0.7)", "Confidence (0.2132) below operational threshold (0.7)"]}
2026-08-18 23:02:17,490 [INFO] {"timestamp": 1787074337.394, "frame_id": 1, "weed_count": 0, "highest_weed_confidence": 0.0, "target_coordinates": [], "spray_eligible": false, "spray_triggered": false, "reason_if_not_triggered": []}
2026-08-18 23:02:17,588 [INFO] {"timestamp": 1787074337.496, "frame_id": 2, "weed_count": 0, "highest_weed_confidence": 0.0, "target_coordinates": [], "spray_eligible": false, "spray_triggered": false, "reason_if_not_triggered": []}
2026-08-18 23:02:17,677 [INFO] {"timestamp": 1787074337.594, "frame_id": 3, "weed_count": 0, "highest_weed_confidence": 0.0, "target_coordinates": [], "spray_eligible": false, "spray_triggered": false, "reason_if_not_triggered": []}
2026-08-18 23:02:17,771 [INFO] {"timestamp": 1787074337.683, "frame_id": 4, "weed_count": 0, "highest_weed_confidence": 0.0, "target_coordinates": [], "spray_eligible": false, "spray_triggered": false, "reason_if_not_triggered": []}
2026-08-18 23:02:17,866 [INFO] {"timestamp": 1787074337.776, "frame_id": 5, "weed_count": 0, "highest_weed_confidence": 0.0, "target_coordinates": [], "spray_eligible": false, "spray_triggered": false, "reason_if_not_triggered": []}
2026-08-18 23:02:17,961 [INFO] {"timestamp": 1787074337.872, "frame_id": 6, "weed_count": 0, "highest_weed_confidence": 0.0, "target_coordinates": [], "spray_eligible": false, "spray_triggered": false, "reason_if_not_triggered": []}
2026-08-18 23:02:18,057 [INFO] {"timestamp": 1787074337.966, "frame_id": 7, "weed_count": 0, "highest_weed_confidence": 0.0, "target_coordinates": [], "spray_eligible": false, "spray_triggered": false, "reason_if_not_triggered": []}
2026-08-18 23:02:18,152 [INFO] {"timestamp": 1787074338.062, "frame_id": 8, "weed_count": 0, "highest_weed_confidence": 0.0, "target_coordinates": [], "spray_eligible": false, "spray_triggered": false, "reason_if_not_triggered": []}
2026-08-18 23:02:18,244 [INFO] {"timestamp": 1787074338.158, "frame_id": 9, "weed_count": 0, "highest_weed_confidence": 0.0, "target_coordinates": [], "spray_eligible": false, "spray_triggered": false, "reason_if_not_triggered": []}
2026-08-18 23:02:18,351 [INFO] {"timestamp": 1787074338.249, "frame_id": 10, "weed_count": 0, "highest_weed_confidence": 0.0, "target_coordinates": [], "spray_eligible": false, "spray_triggered": false, "reason_if_not_triggered": []}
2026-08-18 23:02:18,544 [INFO] {"timestamp": 1787074338.359, "frame_id": 11, "weed_count": 0, "highest_weed_confidence": 0.0, "target_coordinates": [], "spray_eligible": false, "spray_triggered": false, "reason_if_not_triggered": []}
2026-08-18 23:02:18,638 [INFO] {"timestamp": 1787074338.549, "frame_id": 12, "weed_count": 0, "highest_weed_confidence": 0.0, "target_coordinates": [], "spray_eligible": false, "spray_triggered": false, "reason_if_not_triggered": []}
2026-08-18 23:02:18,729 [INFO] {"timestamp": 1787074338.642, "frame_id": 13, "weed_count": 0, "highest_weed_confidence": 0.0, "target_coordinates": [], "spray_eligible": false, "spray_triggered": false, "reason_if_not_triggered": []}
2026-08-18 23:02:18,827 [INFO] {"timestamp": 1787074338.734, "frame_id": 14, "weed_count": 0, "highest_weed_confidence": 0.0, "target_coordinates": [], "spray_eligible": false, "spray_triggered": false, "reason_if_not_triggered": []}
2026-08-18 23:02:18,921 [INFO] {"timestamp": 1787074338.832, "frame_id": 15, "weed_count": 0, "highest_weed_confidence": 0.0, "target_coordinates": [], "spray_eligible": false, "spray_triggered": false, "reason_if_not_triggered": []}
2026-08-18 23:02:19,015 [INFO] {"timestamp": 1787074338.926, "frame_id": 16, "weed_count": 0, "highest_weed_confidence": 0.0, "target_coordinates": [], "spray_eligible": false, "spray_triggered": false, "reason_if_not_triggered": []}
2026-08-18 23:02:19,113 [INFO] {"timestamp": 1787074339.02, "frame_id": 17, "weed_count": 0, "highest_weed_confidence": 0.0, "target_coordinates": [], "spray_eligible": false, "spray_triggered": false, "reason_if_not_triggered": []}
2026-08-18 23:02:19,204 [INFO] {"timestamp": 1787074339.118, "frame_id": 18, "weed_count": 0, "highest_weed_confidence": 0.0, "target_coordinates": [], "spray_eligible": false, "spray_triggered": false, "reason_if_not_triggered": []}
2026-08-18 23:02:19,301 [INFO] {"timestamp": 1787074339.21, "frame_id": 19, "weed_count": 0, "highest_weed_confidence": 0.0, "target_coordinates": [], "spray_eligible": false, "spray_triggered": false, "reason_if_not_triggered": []}
